Archive member included to satisfy reference by file (symbol)

C:/ST/STM32CubeIDE_1.15.1/STM32CubeIDE/plugins/com.st.stm32cube.ide.mcu.externaltools.gnu-tools-for-stm32.12.3.rel1.win32_1.0.100.202403111256/tools/bin/../lib/gcc/arm-none-eabi/12.3.1/../../../../arm-none-eabi/lib/thumb/v7e-m+fp/hard\libc_nano.a(libc_a-exit.o)
                              C:/ST/STM32CubeIDE_1.15.1/STM32CubeIDE/plugins/com.st.stm32cube.ide.mcu.externaltools.gnu-tools-for-stm32.12.3.rel1.win32_1.0.100.202403111256/tools/bin/../lib/gcc/arm-none-eabi/12.3.1/../../../../arm-none-eabi/lib/thumb/v7e-m+fp/hard/crt0.o (exit)
C:/ST/STM32CubeIDE_1.15.1/STM32CubeIDE/plugins/com.st.stm32cube.ide.mcu.externaltools.gnu-tools-for-stm32.12.3.rel1.win32_1.0.100.202403111256/tools/bin/../lib/gcc/arm-none-eabi/12.3.1/../../../../arm-none-eabi/lib/thumb/v7e-m+fp/hard\libc_nano.a(libc_a-findfp.o)
                              C:/ST/STM32CubeIDE_1.15.1/STM32CubeIDE/plugins/com.st.stm32cube.ide.mcu.externaltools.gnu-tools-for-stm32.12.3.rel1.win32_1.0.100.202403111256/tools/bin/../lib/gcc/arm-none-eabi/12.3.1/../../../../arm-none-eabi/lib/thumb/v7e-m+fp/hard\libc_nano.a(libc_a-exit.o) (__stdio_exit_handler)
C:/ST/STM32CubeIDE_1.15.1/STM32CubeIDE/plugins/com.st.stm32cube.ide.mcu.externaltools.gnu-tools-for-stm32.12.3.rel1.win32_1.0.100.202403111256/tools/bin/../lib/gcc/arm-none-eabi/12.3.1/../../../../arm-none-eabi/lib/thumb/v7e-m+fp/hard\libc_nano.a(libc_a-fwalk.o)
                              C:/ST/STM32CubeIDE_1.15.1/STM32CubeIDE/plugins/com.st.stm32cube.ide.mcu.externaltools.gnu-tools-for-stm32.12.3.rel1.win32_1.0.100.202403111256/tools/bin/../lib/gcc/arm-none-eabi/12.3.1/../../../../arm-none-eabi/lib/thumb/v7e-m+fp/hard\libc_nano.a(libc_a-findfp.o) (_fwalk_sglue)
C:/ST/STM32CubeIDE_1.15.1/STM32CubeIDE/plugins/com.st.stm32cube.ide.mcu.externaltools.gnu-tools-for-stm32.12.3.rel1.win32_1.0.100.202403111256/tools/bin/../lib/gcc/arm-none-eabi/12.3.1/../../../../arm-none-eabi/lib/thumb/v7e-m+fp/hard\libc_nano.a(libc_a-stdio.o)
                              C:/ST/STM32CubeIDE_1.15.1/STM32CubeIDE/plugins/com.st.stm32cube.ide.mcu.externaltools.gnu-tools-for-stm32.12.3.rel1.win32_1.0.100.202403111256/tools/bin/../lib/gcc/arm-none-eabi/12.3.1/../../../../arm-none-eabi/lib/thumb/v7e-m+fp/hard\libc_nano.a(libc_a-findfp.o) (__sread)
C:/ST/STM32CubeIDE_1.15.1/STM32CubeIDE/plugins/com.st.stm32cube.ide.mcu.externaltools.gnu-tools-for-stm32.12.3.rel1.win32_1.0.100.202403111256/tools/bin/../lib/gcc/arm-none-eabi/12.3.1/../../../../arm-none-eabi/lib/thumb/v7e-m+fp/hard\libc_nano.a(libc_a-memset.o)
                              C:/ST/STM32CubeIDE_1.15.1/STM32CubeIDE/plugins/com.st.stm32cube.ide.mcu.externaltools.gnu-tools-for-stm32.12.3.rel1.win32_1.0.100.202403111256/tools/bin/../lib/gcc/arm-none-eabi/12.3.1/../../../../arm-none-eabi/lib/thumb/v7e-m+fp/hard/crt0.o (memset)
C:/ST/STM32CubeIDE_1.15.1/STM32CubeIDE/plugins/com.st.stm32cube.ide.mcu.externaltools.gnu-tools-for-stm32.12.3.rel1.win32_1.0.100.202403111256/tools/bin/../lib/gcc/arm-none-eabi/12.3.1/../../../../arm-none-eabi/lib/thumb/v7e-m+fp/hard\libc_nano.a(libc_a-closer.o)
                              C:/ST/STM32CubeIDE_1.15.1/STM32CubeIDE/plugins/com.st.stm32cube.ide.mcu.externaltools.gnu-tools-for-stm32.12.3.rel1.win32_1.0.100.202403111256/tools/bin/../lib/gcc/arm-none-eabi/12.3.1/../../../../arm-none-eabi/lib/thumb/v7e-m+fp/hard\libc_nano.a(libc_a-stdio.o) (_close_r)
C:/ST/STM32CubeIDE_1.15.1/STM32CubeIDE/plugins/com.st.stm32cube.ide.mcu.externaltools.gnu-tools-for-stm32.12.3.rel1.win32_1.0.100.202403111256/tools/bin/../lib/gcc/arm-none-eabi/12.3.1/../../../../arm-none-eabi/lib/thumb/v7e-m+fp/hard\libc_nano.a(libc_a-reent.o)
                              C:/ST/STM32CubeIDE_1.15.1/STM32CubeIDE/plugins/com.st.stm32cube.ide.mcu.externaltools.gnu-tools-for-stm32.12.3.rel1.win32_1.0.100.202403111256/tools/bin/../lib/gcc/arm-none-eabi/12.3.1/../../../../arm-none-eabi/lib/thumb/v7e-m+fp/hard\libc_nano.a(libc_a-closer.o) (errno)
C:/ST/STM32CubeIDE_1.15.1/STM32CubeIDE/plugins/com.st.stm32cube.ide.mcu.externaltools.gnu-tools-for-stm32.12.3.rel1.win32_1.0.100.202403111256/tools/bin/../lib/gcc/arm-none-eabi/12.3.1/../../../../arm-none-eabi/lib/thumb/v7e-m+fp/hard\libc_nano.a(libc_a-impure.o)
                              C:/ST/STM32CubeIDE_1.15.1/STM32CubeIDE/plugins/com.st.stm32cube.ide.mcu.externaltools.gnu-tools-for-stm32.12.3.rel1.win32_1.0.100.202403111256/tools/bin/../lib/gcc/arm-none-eabi/12.3.1/../../../../arm-none-eabi/lib/thumb/v7e-m+fp/hard\libc_nano.a(libc_a-reent.o) (_impure_ptr)
C:/ST/STM32CubeIDE_1.15.1/STM32CubeIDE/plugins/com.st.stm32cube.ide.mcu.externaltools.gnu-tools-for-stm32.12.3.rel1.win32_1.0.100.202403111256/tools/bin/../lib/gcc/arm-none-eabi/12.3.1/../../../../arm-none-eabi/lib/thumb/v7e-m+fp/hard\libc_nano.a(libc_a-lseekr.o)
[...]
Memory Configuration

Name             Origin             Length             Attributes
CCMRAM           0x10000000         0x00004000         xrw
RAM              0x20000000         0x00010000         xrw
FLASH            0x08000000         0x00080000         xr
*default*        0x00000000         0xffffffff

Linker script and memory map

LOAD C:/ST/STM32CubeIDE_1.15.1/STM32CubeIDE/plugins/com.st.stm32cube.ide.mcu.externaltools.gnu-tools-for-stm32.12.3.rel1.win32_1.0.100.202403111256/tools/bin/../lib/gcc/arm-none-eabi/12.3.1/thumb/v7e-m+fp/hard/crti.o
LOAD C:/ST/STM32CubeIDE_1.15.1/STM32CubeIDE/plugins/com.st.stm32cube.ide.mcu.externaltools.gnu-tools-for-stm32.12.3.rel1.win32_1.0.100.202403111256/tools/bin/../lib/gcc/arm-none-eabi/12.3.1/thumb/v7e-m+fp/hard/crtbegin.o
LOAD C:/ST/STM32CubeIDE_1.15.1/STM32CubeIDE/plugins/com.st.stm32cube.ide.mcu.externaltools.gnu-tools-for-stm32.12.3.rel1.win32_1.0.100.202403111256/tools/bin/../lib/gcc/arm-none-eabi/12.3.1/../../../../arm-none-eabi/lib/thumb/v7e-m+fp/hard/crt0.o
LOAD ./Core/Src/BQ76942.o
LOAD ./Core/Src/BQ76942SPI.o
LOAD ./Core/Src/main.o
LOAD ./Core/Src/stm32f3xx_hal_msp.o
LOAD ./Core/Src/stm32f3xx_it.o
LOAD ./Core/Src/syscalls.o
LOAD ./Core/Src/sysmem.o
LOAD ./Core/Src/system_stm32f3xx.o
LOAD ./Core/Startup/startup_stm32f303retx.o
LOAD ./Drivers/STM32F3xx_HAL_Driver/Src/stm32f3xx_hal.o
LOAD ./Drivers/STM32F3xx_HAL_Driver/Src/stm32f3xx_hal_cortex.o
LOAD ./Drivers/STM32F3xx_HAL_Driver/Src/stm32f3xx_hal_dma.o
LOAD ./Drivers/STM32F3xx_HAL_Driver/Src/stm32f3xx_hal_exti.o
LOAD ./Drivers/STM32F3xx_HAL_Driver/Src/stm32f3xx_hal_flash.o
LOAD ./Drivers/STM32F3xx_HAL_Driver/Src/stm32f3xx_hal_flash_ex.o
LOAD ./Drivers/STM32F3xx_HAL_Driver/Src/stm32f3xx_hal_gpio.o
LOAD ./Drivers/STM32F3xx_HAL_Driver/Src/stm32f3xx_hal_i2c.o
LOAD ./Drivers/STM32F3xx_HAL_Driver/Src/stm32f3xx_hal_i2c_ex.o
LOAD ./Drivers/STM32F3xx_HAL_Driver/Src/stm32f3xx_hal_pwr.o
LOAD ./Drivers/STM32F3xx_HAL_Driver/Src/stm32f3xx_hal_pwr_ex.o
LOAD ./Drivers/STM32F3xx_HAL_Driver/Src/stm32f3xx_hal_rcc.o
LOAD ./Drivers/STM32F3xx_HAL_Driver/Src/stm32f3xx_hal_rcc_ex.o
LOAD ./Drivers/STM32F3xx_HAL_Driver/Src/stm32f3xx_hal_spi.o
LOAD ./Drivers/STM32F3xx_HAL_Driver/Src/stm32f3xx_hal_spi_ex.o
LOAD ./Drivers/STM32F3xx_HAL_Driver/Src/stm32f3xx_hal_tim.o
LOAD ./Drivers/STM32F3xx_HAL_Driver/Src/stm32f3xx_hal_tim_ex.o
LOAD ./Drivers/STM32F3xx_HAL_Driver/Src/stm32f3xx_hal_uart.o
LOAD ./Drivers/STM32F3xx_HAL_Driver/Src/stm32f3xx_hal_uart_ex.o
START GROUP
LOAD C:/ST/STM32CubeIDE_1.15.1/STM32CubeIDE/plugins/com.st.stm32cube.ide.mcu.externaltools.gnu-tools-for-stm32.12.3.rel1.win32_1.0.100.202403111256/tools/bin/../lib/gcc/arm-none-eabi/12.3.1/../../../../arm-none-eabi/lib/thumb/v7e-m+fp/hard\libc_nano.a
LOAD C:/ST/STM32CubeIDE_1.15.1/STM32CubeIDE/plugins/com.st.stm32cube.ide.mcu.externaltools.gnu-tools-for-stm32.12.3.rel1.win32_1.0.100.202403111256/tools/bin/../lib/gcc/arm-none-eabi/12.3.1/../../../../arm-none-eabi/lib/thumb/v7e-m+fp/hard\libm.a
END GROUP
START GROUP
LOAD C:/ST/STM32CubeIDE_1.15.1/STM32CubeIDE/plugins/com.st.stm32cube.ide.mcu.externaltools.gnu-tools-for-stm32.12.3.rel1.win32_1.0.100.202403111256/tools/bin/../lib/gcc/arm-none-eabi/12.3.1/thumb/v7e-m+fp/hard\libgcc.a
LOAD C:/ST/STM32CubeIDE_1.15.1/STM32CubeIDE/plugins/com.st.stm32cube.ide.mcu.externaltools.gnu-tools-for-stm32.12.3.rel1.win32_1.0.100.202403111256/tools/bin/../lib/gcc/arm-none-eabi/12.3.1/../../../../arm-none-eabi/lib/thumb/v7e-m+fp/hard\libc_nano.a
END GROUP
START GROUP
LOAD C:/ST/STM32CubeIDE_1.15.1/STM32CubeIDE/plugins/com.st.stm32cube.ide.mcu.externaltools.gnu-tools-for-stm32.12.3.rel1.win32_1.0.100.202403111256/tools/bin/../lib/gcc/arm-none-eabi/12.3.1/thumb/v7e-m+fp/hard\libgcc.a
LOAD C:/ST/STM32CubeIDE_1.15.1/STM32CubeIDE/plugins/com.st.stm32cube.ide.mcu.externaltools.gnu-tools-for-stm32.12.3.rel1.win32_1.0.100.202403111256/tools/bin/../lib/gcc/arm-none-eabi/12.3.1/../../../../arm-none-eabi/lib/thumb/v7e-m+fp/hard\libc_nano.a
LOAD C:/ST/STM32CubeIDE_1.15.1/STM32CubeIDE/plugins/com.st.stm32cube.ide.mcu.externaltools.gnu-tools-for-stm32.12.3.rel1.win32_1.0.100.202403111256/tools/bin/../lib/gcc/arm-none-eabi/12.3.1/../../../../arm-none-eabi/lib/thumb/v7e-m+fp/hard\libnosys.a
END GROUP
START GROUP
LOAD C:/ST/STM32CubeIDE_1.15.1/STM32CubeIDE/plugins/com.st.stm32cube.ide.mcu.externaltools.gnu-tools-for-stm32.12.3.rel1.win32_1.0.100.202403111256/tools/bin/../lib/gcc/arm-none-eabi/12.3.1/thumb/v7e-m+fp/hard\libgcc.a
LOAD C:/ST/STM32CubeIDE_1.15.1/STM32CubeIDE/plugins/com.st.stm32cube.ide.mcu.externaltools.gnu-tools-for-stm32.12.3.rel1.win32_1.0.100.202403111256/tools/bin/../lib/gcc/arm-none-eabi/12.3.1/../../../../arm-none-eabi/lib/thumb/v7e-m+fp/hard\libc_nano.a
LOAD C:/ST/STM32CubeIDE_1.15.1/STM32CubeIDE/plugins/com.st.stm32cube.ide.mcu.externaltools.gnu-tools-for-stm32.12.3.rel1.win32_1.0.100.202403111256/tools/bin/../lib/gcc/arm-none-eabi/12.3.1/../../../../arm-none-eabi/lib/thumb/v7e-m+fp/hard\libnosys.a
END GROUP
LOAD C:/ST/STM32CubeIDE_1.15.1/STM32CubeIDE/plugins/com.st.stm32cube.ide.mcu.externaltools.gnu-tools-for-stm32.12.3.rel1.win32_1.0.100.202403111256/tools/bin/../lib/gcc/arm-none-eabi/12.3.1/thumb/v7e-m+fp/hard/crtend.o
LOAD C:/ST/STM32CubeIDE_1.15.1/STM32CubeIDE/plugins/com.st.stm32cube.ide.mcu.externaltools.gnu-tools-for-stm32.12.3.rel1.win32_1.0.100.202403111256/tools/bin/../lib/gcc/arm-none-eabi/12.3.1/thumb/v7e-m+fp/hard/crtn.o
                0x20010000                        _estack = (ORIGIN (RAM) + LENGTH (RAM))
                0x00000200                        _Min_Heap_Size = 0x200
                0x00000400                        _Min_Stack_Size = 0x400

.isr_vector     0x08000000      0x194
                0x08000000                        . = ALIGN (0x4)
 *(.isr_vector)
 .isr_vector    0x08000000      0x194 ./Core/Startup/startup_stm32f303retx.o
                0x08000000                g_pfnVectors
                0x08000194                        . = ALIGN (0x4)

.text           0x08000194     0x4110
                0x08000194                        . = ALIGN (0x4)
 *(.text)
 .text          0x08000194       0x40 C:/ST/STM32CubeIDE_1.15.1/STM32CubeIDE/plugins/com.st.stm32cube.ide.mcu.externaltools.gnu-tools-for-stm32.12.3.rel1.win32_1.0.100.202403111256/tools/bin/../lib/gcc/arm-none-eabi/12.3.1/thumb/v7e-m+fp/hard/crtbegin.o
 *(.text*)
 .text.BQ769x2_ReadVoltage
                0x080001d4       0x58 ./Core/Src/BQ76942.o
                0x080001d4                BQ769x2_ReadVoltage
 .text.BQ769x2_ReadAllVoltages
                0x0800022c       0x7c ./Core/Src/BQ76942.o
                0x0800022c                BQ769x2_ReadAllVoltages
 .text.BQ769x2_ReadCellBalance
                0x080002a8       0x18 ./Core/Src/BQ76942.o
                0x080002a8                BQ769x2_ReadCellBalance
 .text.BQ769x2_WriteCellBalance
                0x080002c0       0x24 ./Core/Src/BQ76942.o
                0x080002c0                BQ769x2_WriteCellBalance
 .text.Checksum
                0x080002e4       0x76 ./Core/Src/BQ76942.o
                0x080002e4                Checksum
 *fill*         0x0800035a        0x2 
 .text.BQ769x2_SetRegister
                0x0800035c      0x134 ./Core/Src/BQ76942.o
                0x0800035c                BQ769x2_SetRegister
 .text.handle_direct_commands
                0x08000490       0x64 ./Core/Src/BQ76942.o
                0x08000490                handle_direct_commands
 .text.handle_subcommands
                0x080004f4       0xf8 ./Core/Src/BQ76942.o
                0x080004f4                handle_subcommands
 .text.handle_command_only_subcommands
                0x080005ec       0x3a ./Core/Src/BQ76942.o
                0x080005ec                handle_command_only_subcommands
 .text.BQ769x2_Init
                0x08000626      0x108 ./Core/Src/BQ76942.o
                0x08000626                BQ769x2_Init
 *fill*         0x0800072e        0x2 
 .text.SPI_WriteReg
                0x08000730      0x140 ./Core/Src/BQ76942SPI.o
                0x08000730                SPI_WriteReg
 .text.SPI_ReadReg
                0x08000870      0x110 ./Core/Src/BQ76942SPI.o
                0x08000870                SPI_ReadReg
 .text.main     0x08000980       0x8c ./Core/Src/main.o
                0x08000980                main
 .text.SystemClock_Config
                0x08000a0c       0xbc ./Core/Src/main.o
                0x08000a0c                SystemClock_Config
 .text.MX_SPI3_Init
                0x08000ac8       0x7c ./Core/Src/main.o
 .text.MX_USART2_UART_Init
                0x08000b44       0x60 ./Core/Src/main.o
 .text.MX_GPIO_Init
                0x08000ba4      0x110 ./Core/Src/main.o
 .text.Error_Handler
                0x08000cb4        0xc ./Core/Src/main.o
                0x08000cb4                Error_Handler
 .text.HAL_MspInit
                0x08000cc0       0x48 ./Core/Src/stm32f3xx_hal_msp.o
                0x08000cc0                HAL_MspInit
 .text.HAL_SPI_MspInit
                0x08000d08       0x98 ./Core/Src/stm32f3xx_hal_msp.o
                0x08000d08                HAL_SPI_MspInit
 .text.HAL_UART_MspInit
                0x08000da0       0x84 ./Core/Src/stm32f3xx_hal_msp.o
                0x08000da0                HAL_UART_MspInit
 .text.NMI_Handler
                0x08000e24        0x8 ./Core/Src/stm32f3xx_it.o
                0x08000e24                NMI_Handler
 .text.HardFault_Handler
                0x08000e2c        0x8 ./Core/Src/stm32f3xx_it.o
                0x08000e2c                HardFault_Handler
 .text.MemManage_Handler
                0x08000e34        0x8 ./Core/Src/stm32f3xx_it.o
                0x08000e34                MemManage_Handler
 .text.BusFault_Handler
                0x08000e3c        0x8 ./Core/Src/stm32f3xx_it.o
                0x08000e3c                BusFault_Handler
 .text.UsageFault_Handler
                0x08000e44        0x8 ./Core/Src/stm32f3xx_it.o
                0x08000e44                UsageFault_Handler
 .text.SVC_Handler
                0x08000e4c        0xe ./Core/Src/stm32f3xx_it.o
                0x08000e4c                SVC_Handler
 .text.DebugMon_Handler
                0x08000e5a        0xe ./Core/Src/stm32f3xx_it.o
                0x08000e5a                DebugMon_Handler
 .text.PendSV_Handler
                0x08000e68        0xe ./Core/Src/stm32f3xx_it.o
                0x08000e68                PendSV_Handler
 .text.SysTick_Handler
                0x08000e76        0xc ./Core/Src/stm32f3xx_it.o
                0x08000e76                SysTick_Handler
 *fill*         0x08000e82        0x2 
 .text.SPI3_IRQHandler
                0x08000e84       0x14 ./Core/Src/stm32f3xx_it.o
                0x08000e84                SPI3_IRQHandler
 .text.SystemInit
                0x08000e98       0x24 ./Core/Src/system_stm32f3xx.o
                0x08000e98                SystemInit
 .text.Reset_Handler
                0x08000ebc       0x50 ./Core/Startup/startup_stm32f303retx.o
                0x08000ebc                Reset_Handler
 .text.Default_Handler
                0x08000f0c        0x2 ./Core/Startup/startup_stm32f303retx.o
                0x08000f0c                RTC_Alarm_IRQHandler
                0x08000f0c                TIM8_TRG_COM_IRQHandler
                0x08000f0c                TIM8_CC_IRQHandler
                0x08000f0c                SPI4_IRQHandler
                0x08000f0c                TIM1_CC_IRQHandler
                0x08000f0c                USB_HP_IRQHandler
                0x08000f0c                PVD_IRQHandler
                0x08000f0c                TAMP_STAMP_IRQHandler
                0x08000f0c                EXTI3_IRQHandler
                0x08000f0c                I2C3_ER_IRQHandler
                0x08000f0c                USB_HP_CAN_TX_IRQHandler
                0x08000f0c                EXTI0_IRQHandler
                0x08000f0c                I2C2_EV_IRQHandler
                0x08000f0c                FPU_IRQHandler
                0x08000f0c                TIM1_UP_TIM16_IRQHandler
                0x08000f0c                ADC1_2_IRQHandler
                0x08000f0c                SPI1_IRQHandler
                0x08000f0c                CAN_SCE_IRQHandler
                0x08000f0c                TIM6_DAC_IRQHandler
                0x08000f0c                TIM8_UP_IRQHandler
                0x08000f0c                DMA2_Channel2_IRQHandler
                0x08000f0c                DMA1_Channel4_IRQHandler
                0x08000f0c                TIM20_TRG_COM_IRQHandler
                0x08000f0c                USART3_IRQHandler
                0x08000f0c                DMA1_Channel7_IRQHandler
                0x08000f0c                UART5_IRQHandler
                0x08000f0c                ADC3_IRQHandler
                0x08000f0c                TIM4_IRQHandler
                0x08000f0c                CAN_RX1_IRQHandler
                0x08000f0c                DMA2_Channel1_IRQHandler
                0x08000f0c                I2C1_EV_IRQHandler
                0x08000f0c                DMA1_Channel6_IRQHandler
                0x08000f0c                UART4_IRQHandler
                0x08000f0c                DMA2_Channel4_IRQHandler
                0x08000f0c                TIM3_IRQHandler
                0x08000f0c                RCC_IRQHandler
                0x08000f0c                TIM20_UP_IRQHandler
                0x08000f0c                DMA1_Channel1_IRQHandler
                0x08000f0c                Default_Handler
                0x08000f0c                USBWakeUp_RMP_IRQHandler
                0x08000f0c                EXTI15_10_IRQHandler
                0x08000f0c                TIM7_IRQHandler
                0x08000f0c                I2C3_EV_IRQHandler
                0x08000f0c                EXTI9_5_IRQHandler
                0x08000f0c                RTC_WKUP_IRQHandler
                0x08000f0c                SPI2_IRQHandler
                0x08000f0c                USB_LP_CAN_RX0_IRQHandler
                0x08000f0c                DMA2_Channel5_IRQHandler
                0x08000f0c                DMA1_Channel5_IRQHandler
                0x08000f0c                USB_LP_IRQHandler
                0x08000f0c                EXTI4_IRQHandler
                0x08000f0c                TIM1_TRG_COM_TIM17_IRQHandler
                0x08000f0c                DMA1_Channel3_IRQHandler
                0x08000f0c                ADC4_IRQHandler
                0x08000f0c                WWDG_IRQHandler
                0x08000f0c                TIM2_IRQHandler
                0x08000f0c                COMP7_IRQHandler
                0x08000f0c                COMP1_2_3_IRQHandler
                0x08000f0c                EXTI1_IRQHandler
                0x08000f0c                USART2_IRQHandler
                0x08000f0c                COMP4_5_6_IRQHandler
                0x08000f0c                TIM20_BRK_IRQHandler
                0x08000f0c                I2C2_ER_IRQHandler
                0x08000f0c                DMA1_Channel2_IRQHandler
                0x08000f0c                TIM8_BRK_IRQHandler
                0x08000f0c                FLASH_IRQHandler
                0x08000f0c                TIM20_CC_IRQHandler
                0x08000f0c                USART1_IRQHandler
                0x08000f0c                I2C1_ER_IRQHandler
                0x08000f0c                FMC_IRQHandler
                0x08000f0c                USBWakeUp_IRQHandler
                0x08000f0c                DMA2_Channel3_IRQHandler
                0x08000f0c                EXTI2_TSC_IRQHandler
                0x08000f0c                TIM1_BRK_TIM15_IRQHandler
 *fill*         0x08000f0e        0x2 
 .text.HAL_Init
                0x08000f10       0x2c ./Drivers/STM32F3xx_HAL_Driver/Src/stm32f3xx_hal.o
                0x08000f10                HAL_Init
 .text.HAL_InitTick
                0x08000f3c       0x60 ./Drivers/STM32F3xx_HAL_Driver/Src/stm32f3xx_hal.o
                0x08000f3c                HAL_InitTick
 .text.HAL_IncTick
                0x08000f9c       0x28 ./Drivers/STM32F3xx_HAL_Driver/Src/stm32f3xx_hal.o
                0x08000f9c                HAL_IncTick
 .text.HAL_GetTick
                0x08000fc4       0x18 ./Drivers/STM32F3xx_HAL_Driver/Src/stm32f3xx_hal.o
                0x08000fc4                HAL_GetTick
 .text.HAL_Delay
                0x08000fdc       0x48 ./Drivers/STM32F3xx_HAL_Driver/Src/stm32f3xx_hal.o
                0x08000fdc                HAL_Delay
 .text.__NVIC_SetPriorityGrouping
                0x08001024       0x48 ./Drivers/STM32F3xx_HAL_Driver/Src/stm32f3xx_hal_cortex.o
 .text.__NVIC_GetPriorityGrouping
                0x0800106c       0x1c ./Drivers/STM32F3xx_HAL_Driver/Src/stm32f3xx_hal_cortex.o
 .text.__NVIC_EnableIRQ
                0x08001088       0x3c ./Drivers/STM32F3xx_HAL_Driver/Src/stm32f3xx_hal_cortex.o
 .text.__NVIC_SetPriority
                0x080010c4       0x54 ./Drivers/STM32F3xx_HAL_Driver/Src/stm32f3xx_hal_cortex.o
 .text.NVIC_EncodePriority
                0x08001118       0x66 ./Drivers/STM32F3xx_HAL_Driver/Src/stm32f3xx_hal_cortex.o
 *fill*         0x0800117e        0x2 
 .text.SysTick_Config
                0x08001180       0x44 ./Drivers/STM32F3xx_HAL_Driver/Src/stm32f3xx_hal_cortex.o
 .text.HAL_NVIC_SetPriorityGrouping
                0x080011c4       0x16 ./Drivers/STM32F3xx_HAL_Driver/Src/stm32f3xx_hal_cortex.o
                0x080011c4                HAL_NVIC_SetPriorityGrouping
 .text.HAL_NVIC_SetPriority
                0x080011da       0x38 ./Drivers/STM32F3xx_HAL_Driver/Src/stm32f3xx_hal_cortex.o
                0x080011da                HAL_NVIC_SetPriority
 .text.HAL_NVIC_EnableIRQ
                0x08001212       0x1c ./Drivers/STM32F3xx_HAL_Driver/Src/stm32f3xx_hal_cortex.o
                0x08001212                HAL_NVIC_EnableIRQ
 .text.HAL_SYSTICK_Config
                0x0800122e       0x18 ./Drivers/STM32F3xx_HAL_Driver/Src/stm32f3xx_hal_cortex.o
                0x0800122e                HAL_SYSTICK_Config
 .text.HAL_DMA_Abort_IT
                0x08001246       0x7c ./Drivers/STM32F3xx_HAL_Driver/Src/stm32f3xx_hal_dma.o
                0x08001246                HAL_DMA_Abort_IT
 *fill*         0x080012c2        0x2 
 .text.HAL_GPIO_Init
                0x080012c4      0x314 ./Drivers/STM32F3xx_HAL_Driver/Src/stm32f3xx_hal_gpio.o
                0x080012c4                HAL_GPIO_Init
 .text.HAL_GPIO_WritePin
                0x080015d8       0x30 ./Drivers/STM32F3xx_HAL_Driver/Src/stm32f3xx_hal_gpio.o
                0x080015d8                HAL_GPIO_WritePin
 .text.HAL_RCC_OscConfig
                0x08001608     0x10a8 ./Drivers/STM32F3xx_HAL_Driver/Src/stm32f3xx_hal_rcc.o
                0x08001608                HAL_RCC_OscConfig
 .text.HAL_RCC_ClockConfig
                0x080026b0      0x2f8 ./Drivers/STM32F3xx_HAL_Driver/Src/stm32f3xx_hal_rcc.o
                0x080026b0                HAL_RCC_ClockConfig
 .text.HAL_RCC_GetSysClockFreq
                0x080029a8       0xa8 ./Drivers/STM32F3xx_HAL_Driver/Src/stm32f3xx_hal_rcc.o
                0x080029a8                HAL_RCC_GetSysClockFreq
 .text.HAL_RCC_GetHCLKFreq
                0x08002a50       0x18 ./Drivers/STM32F3xx_HAL_Driver/Src/stm32f3xx_hal_rcc.o
                0x08002a50                HAL_RCC_GetHCLKFreq
 .text.HAL_RCC_GetPCLK1Freq
                0x08002a68       0x44 ./Drivers/STM32F3xx_HAL_Driver/Src/stm32f3xx_hal_rcc.o
                0x08002a68                HAL_RCC_GetPCLK1Freq
 .text.HAL_RCC_GetPCLK2Freq
                0x08002aac       0x44 ./Drivers/STM32F3xx_HAL_Driver/Src/stm32f3xx_hal_rcc.o
                0x08002aac                HAL_RCC_GetPCLK2Freq
 .text.HAL_RCCEx_PeriphCLKConfig
                0x08002af0      0x43c ./Drivers/STM32F3xx_HAL_Driver/Src/stm32f3xx_hal_rcc_ex.o
                0x08002af0                HAL_RCCEx_PeriphCLKConfig
 .text.HAL_SPI_Init
                0x08002f2c      0x156 ./Drivers/STM32F3xx_HAL_Driver/Src/stm32f3xx_hal_spi.o
                0x08002f2c                HAL_SPI_Init
 .text.HAL_SPI_TransmitReceive
                0x08003082      0x444 ./Drivers/STM32F3xx_HAL_Driver/Src/stm32f3xx_hal_spi.o
                0x08003082                HAL_SPI_TransmitReceive
 *fill*         0x080034c6        0x2 
 .text.HAL_SPI_IRQHandler
                0x080034c8      0x1e8 ./Drivers/STM32F3xx_HAL_Driver/Src/stm32f3xx_hal_spi.o
                0x080034c8                HAL_SPI_IRQHandler
 .text.HAL_SPI_ErrorCallback
                0x080036b0       0x14 ./Drivers/STM32F3xx_HAL_Driver/Src/stm32f3xx_hal_spi.o
                0x080036b0                HAL_SPI_ErrorCallback
 .text.SPI_DMAAbortOnError
                0x080036c4       0x2a ./Drivers/STM32F3xx_HAL_Driver/Src/stm32f3xx_hal_spi.o
 *fill*         0x080036ee        0x2 
 .text.SPI_WaitFlagStateUntilTimeout
                0x080036f0      0x110 ./Drivers/STM32F3xx_HAL_Driver/Src/stm32f3xx_hal_spi.o
 .text.SPI_WaitFifoStateUntilTimeout
                0x08003800      0x12c ./Drivers/STM32F3xx_HAL_Driver/Src/stm32f3xx_hal_spi.o
 .text.SPI_EndRxTxTransaction
                0x0800392c       0x8c ./Drivers/STM32F3xx_HAL_Driver/Src/stm32f3xx_hal_spi.o
 .text.HAL_UART_Init
                0x080039b8       0x9c ./Drivers/STM32F3xx_HAL_Driver/Src/stm32f3xx_hal_uart.o
                0x080039b8                HAL_UART_Init
 .text.UART_SetConfig
                0x08003a54      0x3a8 ./Drivers/STM32F3xx_HAL_Driver/Src/stm32f3xx_hal_uart.o
                0x08003a54                UART_SetConfig
 .text.UART_AdvFeatureConfig
                0x08003dfc      0x144 ./Drivers/STM32F3xx_HAL_Driver/Src/stm32f3xx_hal_uart.o
                0x08003dfc                UART_AdvFeatureConfig
 .text.UART_CheckIdleState
                0x08003f40      0x150 ./Drivers/STM32F3xx_HAL_Driver/Src/stm32f3xx_hal_uart.o
                0x08003f40                UART_CheckIdleState
 .text.UART_WaitOnFlagUntilTimeout
                0x08004090       0xda ./Drivers/STM32F3xx_HAL_Driver/Src/stm32f3xx_hal_uart.o
                0x08004090                UART_WaitOnFlagUntilTimeout
 .text.UART_EndRxTransfer
                0x0800416a       0xc8 ./Drivers/STM32F3xx_HAL_Driver/Src/stm32f3xx_hal_uart.o
 .text.memset   0x08004232       0x10 C:/ST/STM32CubeIDE_1.15.1/STM32CubeIDE/plugins/com.st.stm32cube.ide.mcu.externaltools.gnu-tools-for-stm32.12.3.rel1.win32_1.0.100.202403111256/tools/bin/../lib/gcc/arm-none-eabi/12.3.1/../../../../arm-none-eabi/lib/thumb/v7e-m+fp/hard\libc_nano.a(libc_a-memset.o)
                0x08004232                memset
 *fill*         0x08004242        0x2 
 .text.__libc_init_array
                0x08004244       0x48 C:/ST/STM32CubeIDE_1.15.1/STM32CubeIDE/plugins/com.st.stm32cube.ide.mcu.externaltools.gnu-tools-for-stm32.12.3.rel1.win32_1.0.100.202403111256/tools/bin/../lib/gcc/arm-none-eabi/12.3.1/../../../../arm-none-eabi/lib/thumb/v7e-m+fp/hard\libc_nano.a(libc_a-init.o)
                0x08004244                __libc_init_array
 *(.glue_7)
 .glue_7        0x0800428c        0x0 linker stubs
 *(.glue_7t)
 .glue_7t       0x0800428c        0x0 linker stubs
 *(.eh_frame)
 .eh_frame      0x0800428c        0x0 C:/ST/STM32CubeIDE_1.15.1/STM32CubeIDE/plugins/com.st.stm32cube.ide.mcu.externaltools.gnu-tools-for-stm32.12.3.rel1.win32_1.0.100.202403111256/tools/bin/../lib/gcc/arm-none-eabi/12.3.1/thumb/v7e-m+fp/hard/crtbegin.o
 *(.init)
 .init          0x0800428c        0x4 C:/ST/STM32CubeIDE_1.15.1/STM32CubeIDE/plugins/com.st.stm32cube.ide.mcu.externaltools.gnu-tools-for-stm32.12.3.rel1.win32_1.0.100.202403111256/tools/bin/../lib/gcc/arm-none-eabi/12.3.1/thumb/v7e-m+fp/hard/crti.o
                0x0800428c                _init
 .init          0x08004290        0x8 C:/ST/STM32CubeIDE_1.15.1/STM32CubeIDE/plugins/com.st.stm32cube.ide.mcu.externaltools.gnu-tools-for-stm32.12.3.rel1.win32_1.0.100.202403111256/tools/bin/../lib/gcc/arm-none-eabi/12.3.1/thumb/v7e-m+fp/hard/crtn.o
 *(.fini)
 .fini          0x08004298        0x4 C:/ST/STM32CubeIDE_1.15.1/STM32CubeIDE/plugins/com.st.stm32cube.ide.mcu.externaltools.gnu-tools-for-stm32.12.3.rel1.win32_1.0.100.202403111256/tools/bin/../lib/gcc/arm-none-eabi/12.3.1/thumb/v7e-m+fp/hard/crti.o
                0x08004298                _fini
 .fini          0x0800429c        0x8 C:/ST/STM32CubeIDE_1.15.1/STM32CubeIDE/plugins/com.st.stm32cube.ide.mcu.externaltools.gnu-tools-for-stm32.12.3.rel1.win32_1.0.100.202403111256/tools/bin/../lib/gcc/arm-none-eabi/12.3.1/thumb/v7e-m+fp/hard/crtn.o
                0x080042a4                        . = ALIGN (0x4)
                0x080042a4                        _etext = .

.vfp11_veneer   0x080042a4        0x0
 .vfp11_veneer  0x080042a4        0x0 linker stubs

.v4_bx          0x080042a4        0x0
 .v4_bx         0x080042a4        0x0 linker stubs

.iplt           0x080042a4        0x0
 .iplt          0x080042a4        0x0 C:/ST/STM32CubeIDE_1.15.1/STM32CubeIDE/plugins/com.st.stm32cube.ide.mcu.externaltools.gnu-tools-for-stm32.12.3.rel1.win32_1.0.100.202403111256/tools/bin/../lib/gcc/arm-none-eabi/12.3.1/thumb/v7e-m+fp/hard/crtbegin.o

.rodata         0x080042a4       0x4c
                0x080042a4                        . = ALIGN (0x4)
 *(.rodata)
 .rodata        0x080042a4        0x6 ./Core/Src/BQ76942.o
 *fill*         0x080042aa        0x2 
 .rodata        0x080042ac        0xa ./Core/Src/BQ76942SPI.o
 *(.rodata*)
 *fill*         0x080042b6        0x2 
 .rodata.AHBPrescTable
                0x080042b8       0x10 ./Core/Src/system_stm32f3xx.o
                0x080042b8                AHBPrescTable
 .rodata.APBPrescTable
                0x080042c8        0x8 ./Core/Src/system_stm32f3xx.o
                0x080042c8                APBPrescTable
 .rodata.aPLLMULFactorTable
                0x080042d0       0x10 ./Drivers/STM32F3xx_HAL_Driver/Src/stm32f3xx_hal_rcc.o
 .rodata.aPredivFactorTable
                0x080042e0       0x10 ./Drivers/STM32F3xx_HAL_Driver/Src/stm32f3xx_hal_rcc.o
                0x080042f0                        . = ALIGN (0x4)

.ARM.extab      0x080042f0        0x0
                0x080042f0                        . = ALIGN (0x4)
 *(.ARM.extab* .gnu.linkonce.armextab.*)
                0x080042f0                        . = ALIGN (0x4)

.ARM            0x080042f0        0x0
                0x080042f0                        . = ALIGN (0x4)
                0x080042f0                        __exidx_start = .
 *(.ARM.exidx*)
                0x080042f0                        __exidx_end = .
                0x080042f0                        . = ALIGN (0x4)

.preinit_array  0x080042f0        0x0
                0x080042f0                        . = ALIGN (0x4)
                0x080042f0                        PROVIDE (__preinit_array_start = .)
 *(.preinit_array*)
                0x080042f0                        PROVIDE (__preinit_array_end = .)
                0x080042f0                        . = ALIGN (0x4)

.init_array     0x080042f0        0x4
                0x080042f0                        . = ALIGN (0x4)
                0x080042f0                        PROVIDE (__init_array_start = .)
 *(SORT_BY_NAME(.init_array.*))
 *(.init_array*)
 .init_array    0x080042f0        0x4 C:/ST/STM32CubeIDE_1.15.1/STM32CubeIDE/plugins/com.st.stm32cube.ide.mcu.externaltools.gnu-tools-for-stm32.12.3.rel1.win32_1.0.100.202403111256/tools/bin/../lib/gcc/arm-none-eabi/12.3.1/thumb/v7e-m+fp/hard/crtbegin.o
                0x080042f4                        PROVIDE (__init_array_end = .)
                0x080042f4                        . = ALIGN (0x4)

.fini_array     0x080042f4        0x4
                0x080042f4                        . = ALIGN (0x4)
                [!provide]                        PROVIDE (__fini_array_start = .)
 *(SORT_BY_NAME(.fini_array.*))
 *(.fini_array*)
 .fini_array    0x080042f4        0x4 C:/ST/STM32CubeIDE_1.15.1/STM32CubeIDE/plugins/com.st.stm32cube.ide.mcu.externaltools.gnu-tools-for-stm32.12.3.rel1.win32_1.0.100.202403111256/tools/bin/../lib/gcc/arm-none-eabi/12.3.1/thumb/v7e-m+fp/hard/crtbegin.o
                [!provide]                        PROVIDE (__fini_array_end = .)
                0x080042f8                        . = ALIGN (0x4)
                0x080042f8                        _sidata = LOADADDR (.data)

.rel.dyn        0x080042f8        0x0
 .rel.iplt      0x080042f8        0x0 C:/ST/STM32CubeIDE_1.15.1/STM32CubeIDE/plugins/com.st.stm32cube.ide.mcu.externaltools.gnu-tools-for-stm32.12.3.rel1.win32_1.0.100.202403111256/tools/bin/../lib/gcc/arm-none-eabi/12.3.1/thumb/v7e-m+fp/hard/crtbegin.o

.data           0x20000000        0xc load address 0x080042f8
                0x20000000                        . = ALIGN (0x4)
                0x20000000                        _sdata = .
 *(.data)
 *(.data*)
 .data.SystemCoreClock
                0x20000000        0x4 ./Core/Src/system_stm32f3xx.o
                0x20000000                SystemCoreClock
 .data.uwTickPrio
                0x20000004        0x4 ./Drivers/STM32F3xx_HAL_Driver/Src/stm32f3xx_hal.o
                0x20000004                uwTickPrio
 .data.uwTickFreq
                0x20000008        0x1 ./Drivers/STM32F3xx_HAL_Driver/Src/stm32f3xx_hal.o
                0x20000008                uwTickFreq
 *(.RamFunc)
 *(.RamFunc*)
                0x2000000c                        . = ALIGN (0x4)
 *fill*         0x20000009        0x3 
                0x2000000c                        _edata = .
                0x08004304                        _siccmram = LOADADDR (.ccmram)

.igot.plt       0x2000000c        0x0 load address 0x08004304
 .igot.plt      0x2000000c        0x0 C:/ST/STM32CubeIDE_1.15.1/STM32CubeIDE/plugins/com.st.stm32cube.ide.mcu.externaltools.gnu-tools-for-stm32.12.3.rel1.win32_1.0.100.202403111256/tools/bin/../lib/gcc/arm-none-eabi/12.3.1/thumb/v7e-m+fp/hard/crtbegin.o

.ccmram         0x10000000        0x0 load address 0x08004304
                0x10000000                        . = ALIGN (0x4)
                0x10000000                        _sccmram = .
 *(.ccmram)
 *(.ccmram*)
                0x10000000                        . = ALIGN (0x4)
                0x10000000                        _eccmram = .
                0x10000000                        . = ALIGN (0x4)

.bss            0x2000000c      0x178
                0x2000000c                        _sbss = .
                0x2000000c                        __bss_start__ = _sbss
 *(.bss)
 .bss           0x2000000c       0x1c C:/ST/STM32CubeIDE_1.15.1/STM32CubeIDE/plugins/com.st.stm32cube.ide.mcu.externaltools.gnu-tools-for-stm32.12.3.rel1.win32_1.0.100.202403111256/tools/bin/../lib/gcc/arm-none-eabi/12.3.1/thumb/v7e-m+fp/hard/crtbegin.o
 *(.bss*)
 .bss.RX_data   0x20000028        0x2 ./Core/Src/BQ76942.o
                0x20000028                RX_data
 *fill*         0x2000002a        0x2 
 .bss.RX_32Byte
                0x2000002c       0x20 ./Core/Src/BQ76942.o
                0x2000002c                RX_32Byte
 .bss.CellVoltage
                0x2000004c       0x20 ./Core/Src/BQ76942.o
                0x2000004c                CellVoltage
 .bss.Stack_Voltage
                0x2000006c        0x2 ./Core/Src/BQ76942.o
                0x2000006c                Stack_Voltage
 .bss.Pack_Voltage
                0x2000006e        0x2 ./Core/Src/BQ76942.o
                0x2000006e                Pack_Voltage
 .bss.LD_Voltage
                0x20000070        0x2 ./Core/Src/BQ76942.o
                0x20000070                LD_Voltage
 *fill*         0x20000072        0x2 
 .bss.hSPIx     0x20000074       0x1c ./Core/Src/BQ76942SPI.o
                0x20000074                hSPIx
 .bss.Rx_data   0x20000090        0x3 ./Core/Src/BQ76942SPI.o
                0x20000090                Rx_data
 *fill*         0x20000093        0x1 
 .bss.hspi3     0x20000094       0x64 ./Core/Src/main.o
                0x20000094                hspi3
 .bss.huart2    0x200000f8       0x88 ./Core/Src/main.o
                0x200000f8                huart2
 .bss.uwTick    0x20000180        0x4 ./Drivers/STM32F3xx_HAL_Driver/Src/stm32f3xx_hal.o
                0x20000180                uwTick
 *(COMMON)
                0x20000184                        . = ALIGN (0x4)
                0x20000184                        _ebss = .
                0x20000184                        __bss_end__ = _ebss

._user_heap_stack
                0x20000184      0x604
                0x20000188                        . = ALIGN (0x8)
 *fill*         0x20000184        0x4 
                [!provide]                        PROVIDE (end = .)
                0x20000188                        PROVIDE (_end = .)
                0x20000388                        . = (. + _Min_Heap_Size)
 *fill*         0x20000188      0x200 
                0x20000788                        . = (. + _Min_Stack_Size)
 *fill*         0x20000388      0x400 
                0x20000788                        . = ALIGN (0x8)

/DISCARD/
 libc.a(*)
 libm.a(*)
 libgcc.a(*)

.ARM.attributes
                0x00000000       0x30
 *(.ARM.attributes)
 .ARM.attributes
                0x00000000       0x22 C:/ST/STM32CubeIDE_1.15.1/STM32CubeIDE/plugins/com.st.stm32cube.ide.mcu.externaltools.gnu-tools-for-stm32.12.3.rel1.win32_1.0.100.202403111256/tools/bin/../lib/gcc/arm-none-eabi/12.3.1/thumb/v7e-m+fp/hard/crti.o
 .ARM.attributes
                0x00000022       0x34 C:/ST/STM32CubeIDE_1.15.1/STM32CubeIDE/plugins/com.st.stm32cube.ide.mcu.externaltools.gnu-tools-for-stm32.12.3.rel1.win32_1.0.100.202403111256/tools/bin/../lib/gcc/arm-none-eabi/12.3.1/thumb/v7e-m+fp/hard/crtbegin.o
 .ARM.attributes
                0x00000056       0x34 ./Core/Src/BQ76942.o
 .ARM.attributes
                0x0000008a       0x34 ./Core/Src/BQ76942SPI.o
 .ARM.attributes
                0x000000be       0x34 ./Core/Src/main.o
 .ARM.attributes
                0x000000f2       0x34 ./Core/Src/stm32f3xx_hal_msp.o
 .ARM.attributes
                0x00000126       0x34 ./Core/Src/stm32f3xx_it.o
 .ARM.attributes
                0x0000015a       0x34 ./Core/Src/system_stm32f3xx.o
 .ARM.attributes
                0x0000018e       0x21 ./Core/Startup/startup_stm32f303retx.o
 .ARM.attributes
                0x000001af       0x34 ./Drivers/STM32F3xx_HAL_Driver/Src/stm32f3xx_hal.o
 .ARM.attributes
                0x000001e3       0x34 ./Drivers/STM32F3xx_HAL_Driver/Src/stm32f3xx_hal_cortex.o
 .ARM.attributes
                0x00000217       0x34 ./Drivers/STM32F3xx_HAL_Driver/Src/stm32f3xx_hal_dma.o
 .ARM.attributes
                0x0000024b       0x34 ./Drivers/STM32F3xx_HAL_Driver/Src/stm32f3xx_hal_gpio.o
 .ARM.attributes
                0x0000027f       0x34 ./Drivers/STM32F3xx_HAL_Driver/Src/stm32f3xx_hal_rcc.o
 .ARM.attributes
                0x000002b3       0x34 ./Drivers/STM32F3xx_HAL_Driver/Src/stm32f3xx_hal_rcc_ex.o
 .ARM.attributes
                0x000002e7       0x34 ./Drivers/STM32F3xx_HAL_Driver/Src/stm32f3xx_hal_spi.o
 .ARM.attributes
                0x0000031b       0x34 ./Drivers/STM32F3xx_HAL_Driver/Src/stm32f3xx_hal_uart.o
 .ARM.attributes
                0x0000034f       0x34 C:/ST/STM32CubeIDE_1.15.1/STM32CubeIDE/plugins/com.st.stm32cube.ide.mcu.externaltools.gnu-tools-for-stm32.12.3.rel1.win32_1.0.100.202403111256/tools/bin/../lib/gcc/arm-none-eabi/12.3.1/../../../../arm-none-eabi/lib/thumb/v7e-m+fp/hard\libc_nano.a(libc_a-memset.o)
 .ARM.attributes
                0x00000383       0x34 C:/ST/STM32CubeIDE_1.15.1/STM32CubeIDE/plugins/com.st.stm32cube.ide.mcu.externaltools.gnu-tools-for-stm32.12.3.rel1.win32_1.0.100.202403111256/tools/bin/../lib/gcc/arm-none-eabi/12.3.1/../../../../arm-none-eabi/lib/thumb/v7e-m+fp/hard\libc_nano.a(libc_a-init.o)
 .ARM.attributes
                0x000003b7       0x22 C:/ST/STM32CubeIDE_1.15.1/STM32CubeIDE/plugins/com.st.stm32cube.ide.mcu.externaltools.gnu-tools-for-stm32.12.3.rel1.win32_1.0.100.202403111256/tools/bin/../lib/gcc/arm-none-eabi/12.3.1/thumb/v7e-m+fp/hard/crtn.o
OUTPUT(Falgon_CMU_Interface.elf elf32-littlearm)
LOAD linker stubs
LOAD C:/ST/STM32CubeIDE_1.15.1/STM32CubeIDE/plugins/com.st.stm32cube.ide.mcu.externaltools.gnu-tools-for-stm32.12.3.rel1.win32_1.0.100.202403111256/tools/bin/../lib/gcc/arm-none-eabi/12.3.1/../../../../arm-none-eabi/lib/thumb/v7e-m+fp/hard\libc.a
LOAD C:/ST/STM32CubeIDE_1.15.1/STM32CubeIDE/plugins/com.st.stm32cube.ide.mcu.externaltools.gnu-tools-for-stm32.12.3.rel1.win32_1.0.100.202403111256/tools/bin/../lib/gcc/arm-none-eabi/12.3.1/../../../../arm-none-eabi/lib/thumb/v7e-m+fp/hard\libm.a
LOAD C:/ST/STM32CubeIDE_1.15.1/STM32CubeIDE/plugins/com.st.stm32cube.ide.mcu.externaltools.gnu-tools-for-stm32.12.3.rel1.win32_1.0.100.202403111256/tools/bin/../lib/gcc/arm-none-eabi/12.3.1/thumb/v7e-m+fp/hard\libgcc.a

.debug_info     0x00000000     0xc331
 .debug_info    0x00000000      0x43f ./Core/Src/BQ76942.o
 .debug_info    0x0000043f      0x8a6 ./Core/Src/BQ76942SPI.o
 .debug_info    0x00000ce5     0x1051 ./Core/Src/main.o
 .debug_info    0x00001d36      0xe6f ./Core/Src/stm32f3xx_hal_msp.o
 .debug_info    0x00002ba5      0x637 ./Core/Src/stm32f3xx_it.o
 .debug_info    0x000031dc      0x407 ./Core/Src/system_stm32f3xx.o
 .debug_info    0x000035e3       0x30 ./Core/Startup/startup_stm32f303retx.o
 .debug_info    0x00003613      0x804 ./Drivers/STM32F3xx_HAL_Driver/Src/stm32f3xx_hal.o
 .debug_info    0x00003e17      0xd14 ./Drivers/STM32F3xx_HAL_Driver/Src/stm32f3xx_hal_cortex.o
 .debug_info    0x00004b2b      0x6e1 ./Drivers/STM32F3xx_HAL_Driver/Src/stm32f3xx_hal_dma.o
 .debug_info    0x0000520c      0x6a6 ./Drivers/STM32F3xx_HAL_Driver/Src/stm32f3xx_hal_gpio.o
 .debug_info    0x000058b2     0x149a ./Drivers/STM32F3xx_HAL_Driver/Src/stm32f3xx_hal_rcc.o
 .debug_info    0x00006d4c      0x61b ./Drivers/STM32F3xx_HAL_Driver/Src/stm32f3xx_hal_rcc_ex.o
 .debug_info    0x00007367     0x1622 ./Drivers/STM32F3xx_HAL_Driver/Src/stm32f3xx_hal_spi.o
 .debug_info    0x00008989     0x39a8 ./Drivers/STM32F3xx_HAL_Driver/Src/stm32f3xx_hal_uart.o

.debug_abbrev   0x00000000     0x1d85
 .debug_abbrev  0x00000000      0x14c ./Core/Src/BQ76942.o
 .debug_abbrev  0x0000014c      0x1dc ./Core/Src/BQ76942SPI.o
 .debug_abbrev  0x00000328      0x28b ./Core/Src/main.o
 .debug_abbrev  0x000005b3      0x1b0 ./Core/Src/stm32f3xx_hal_msp.o
 .debug_abbrev  0x00000763      0x17f ./Core/Src/stm32f3xx_it.o
 .debug_abbrev  0x000008e2      0x11a ./Core/Src/system_stm32f3xx.o
 .debug_abbrev  0x000009fc       0x24 ./Core/Startup/startup_stm32f303retx.o
 .debug_abbrev  0x00000a20      0x215 ./Drivers/STM32F3xx_HAL_Driver/Src/stm32f3xx_hal.o
 .debug_abbrev  0x00000c35      0x31e ./Drivers/STM32F3xx_HAL_Driver/Src/stm32f3xx_hal_cortex.o
 .debug_abbrev  0x00000f53      0x20d ./Drivers/STM32F3xx_HAL_Driver/Src/stm32f3xx_hal_dma.o
 .debug_abbrev  0x00001160      0x1ca ./Drivers/STM32F3xx_HAL_Driver/Src/stm32f3xx_hal_gpio.o
 .debug_abbrev  0x0000132a      0x300 ./Drivers/STM32F3xx_HAL_Driver/Src/stm32f3xx_hal_rcc.o
 .debug_abbrev  0x0000162a      0x221 ./Drivers/STM32F3xx_HAL_Driver/Src/stm32f3xx_hal_rcc_ex.o
 .debug_abbrev  0x0000184b      0x269 ./Drivers/STM32F3xx_HAL_Driver/Src/stm32f3xx_hal_spi.o
 .debug_abbrev  0x00001ab4      0x2d1 ./Drivers/STM32F3xx_HAL_Driver/Src/stm32f3xx_hal_uart.o

.debug_aranges  0x00000000      0x978
 .debug_aranges
                0x00000000       0x68 ./Core/Src/BQ76942.o
 .debug_aranges
                0x00000068       0x28 ./Core/Src/BQ76942SPI.o
 .debug_aranges
                0x00000090       0x48 ./Core/Src/main.o
 .debug_aranges
                0x000000d8       0x40 ./Core/Src/stm32f3xx_hal_msp.o
 .debug_aranges
                0x00000118       0x68 ./Core/Src/stm32f3xx_it.o
 .debug_aranges
                0x00000180       0x28 ./Core/Src/system_stm32f3xx.o
 .debug_aranges
                0x000001a8       0x28 ./Core/Startup/startup_stm32f303retx.o
 .debug_aranges
                0x000001d0       0xe0 ./Drivers/STM32F3xx_HAL_Driver/Src/stm32f3xx_hal.o
 .debug_aranges
                0x000002b0      0x128 ./Drivers/STM32F3xx_HAL_Driver/Src/stm32f3xx_hal_cortex.o
 .debug_aranges
                0x000003d8       0x88 ./Drivers/STM32F3xx_HAL_Driver/Src/stm32f3xx_hal_dma.o
 .debug_aranges
                0x00000460       0x58 ./Drivers/STM32F3xx_HAL_Driver/Src/stm32f3xx_hal_gpio.o
 .debug_aranges
                0x000004b8       0x88 ./Drivers/STM32F3xx_HAL_Driver/Src/stm32f3xx_hal_rcc.o
 .debug_aranges
                0x00000540       0x38 ./Drivers/STM32F3xx_HAL_Driver/Src/stm32f3xx_hal_rcc_ex.o
 .debug_aranges
                0x00000578      0x1d8 ./Drivers/STM32F3xx_HAL_Driver/Src/stm32f3xx_hal_spi.o
 .debug_aranges
                0x00000750      0x228 ./Drivers/STM32F3xx_HAL_Driver/Src/stm32f3xx_hal_uart.o

.debug_rnglists
                0x00000000      0x74a
 .debug_rnglists
                0x00000000       0x4c ./Core/Src/BQ76942.o
 .debug_rnglists
                0x0000004c       0x1b ./Core/Src/BQ76942SPI.o
 .debug_rnglists
                0x00000067       0x34 ./Core/Src/main.o
 .debug_rnglists
                0x0000009b       0x2d ./Core/Src/stm32f3xx_hal_msp.o
 .debug_rnglists
                0x000000c8       0x49 ./Core/Src/stm32f3xx_it.o
 .debug_rnglists
                0x00000111       0x1a ./Core/Src/system_stm32f3xx.o
 .debug_rnglists
                0x0000012b       0x19 ./Core/Startup/startup_stm32f303retx.o
 .debug_rnglists
                0x00000144       0xa3 ./Drivers/STM32F3xx_HAL_Driver/Src/stm32f3xx_hal.o
 .debug_rnglists
                0x000001e7       0xda ./Drivers/STM32F3xx_HAL_Driver/Src/stm32f3xx_hal_cortex.o
 .debug_rnglists
                0x000002c1       0x69 ./Drivers/STM32F3xx_HAL_Driver/Src/stm32f3xx_hal_dma.o
 .debug_rnglists
                0x0000032a       0x3f ./Drivers/STM32F3xx_HAL_Driver/Src/stm32f3xx_hal_gpio.o
 .debug_rnglists
                0x00000369       0x66 ./Drivers/STM32F3xx_HAL_Driver/Src/stm32f3xx_hal_rcc.o
 .debug_rnglists
                0x000003cf       0x29 ./Drivers/STM32F3xx_HAL_Driver/Src/stm32f3xx_hal_rcc_ex.o
 .debug_rnglists
                0x000003f8      0x178 ./Drivers/STM32F3xx_HAL_Driver/Src/stm32f3xx_hal_spi.o
 .debug_rnglists
                0x00000570      0x1da ./Drivers/STM32F3xx_HAL_Driver/Src/stm32f3xx_hal_uart.o

.debug_macro    0x00000000    0x203bc
 .debug_macro   0x00000000      0x21d ./Core/Src/BQ76942.o
 .debug_macro   0x0000021d      0xab4 ./Core/Src/BQ76942.o
 .debug_macro   0x00000cd1      0x157 ./Core/Src/BQ76942.o
 .debug_macro   0x00000e28       0x2e ./Core/Src/BQ76942.o
 .debug_macro   0x00000e56       0x28 ./Core/Src/BQ76942.o
 .debug_macro   0x00000e7e       0x22 ./Core/Src/BQ76942.o
 .debug_macro   0x00000ea0       0x8e ./Core/Src/BQ76942.o
 .debug_macro   0x00000f2e       0x51 ./Core/Src/BQ76942.o
 .debug_macro   0x00000f7f      0x103 ./Core/Src/BQ76942.o
 .debug_macro   0x00001082       0x6a ./Core/Src/BQ76942.o
 .debug_macro   0x000010ec      0x1df ./Core/Src/BQ76942.o
 .debug_macro   0x000012cb       0x1c ./Core/Src/BQ76942.o
 .debug_macro   0x000012e7       0x22 ./Core/Src/BQ76942.o
 .debug_macro   0x00001309       0xd9 ./Core/Src/BQ76942.o
 .debug_macro   0x000013e2     0x102d ./Core/Src/BQ76942.o
 .debug_macro   0x0000240f      0x11f ./Core/Src/BQ76942.o
 .debug_macro   0x0000252e    0x1535a ./Core/Src/BQ76942.o
 .debug_macro   0x00017888       0x6d ./Core/Src/BQ76942.o
 .debug_macro   0x000178f5     0x3574 ./Core/Src/BQ76942.o
 .debug_macro   0x0001ae69      0x189 ./Core/Src/BQ76942.o
 .debug_macro   0x0001aff2       0x55 ./Core/Src/BQ76942.o
 .debug_macro   0x0001b047      0x953 ./Core/Src/BQ76942.o
 .debug_macro   0x0001b99a      0x84a ./Core/Src/BQ76942.o
 .debug_macro   0x0001c1e4      0x1b5 ./Core/Src/BQ76942.o
 .debug_macro   0x0001c399      0x23a ./Core/Src/BQ76942.o
 .debug_macro   0x0001c5d3      0x1ea ./Core/Src/BQ76942.o
 .debug_macro   0x0001c7bd      0x1bc ./Core/Src/BQ76942.o
 .debug_macro   0x0001c979       0x30 ./Core/Src/BQ76942.o
 .debug_macro   0x0001c9a9       0x3c ./Core/Src/BQ76942.o
 .debug_macro   0x0001c9e5      0x235 ./Core/Src/BQ76942.o
 .debug_macro   0x0001cc1a       0xc5 ./Core/Src/BQ76942.o
 .debug_macro   0x0001ccdf      0x21d ./Core/Src/BQ76942.o
 .debug_macro   0x0001cefc      0x22c ./Core/Src/BQ76942.o
 .debug_macro   0x0001d128       0x5b ./Core/Src/BQ76942.o
 .debug_macro   0x0001d183       0xa5 ./Core/Src/BQ76942.o
 .debug_macro   0x0001d228       0x81 ./Core/Src/BQ76942.o
 .debug_macro   0x0001d2a9       0xd3 ./Core/Src/BQ76942.o
 .debug_macro   0x0001d37c      0x2fe ./Core/Src/BQ76942.o
 .debug_macro   0x0001d67a      0x5ba ./Core/Src/BQ76942.o
 .debug_macro   0x0001dc34       0x44 ./Core/Src/BQ76942.o
 .debug_macro   0x0001dc78      0x347 ./Core/Src/BQ76942.o
 .debug_macro   0x0001dfbf       0x64 ./Core/Src/BQ76942.o
 .debug_macro   0x0001e023       0x2e ./Core/Src/BQ76942.o
 .debug_macro   0x0001e051      0xa82 ./Core/Src/BQ76942.o
 .debug_macro   0x0001ead3      0x1fc ./Core/Src/BQ76942SPI.o
 .debug_macro   0x0001eccf      0x209 ./Core/Src/main.o
 .debug_macro   0x0001eed8      0x1e7 ./Core/Src/stm32f3xx_hal_msp.o
 .debug_macro   0x0001f0bf      0x1f1 ./Core/Src/stm32f3xx_it.o
 .debug_macro   0x0001f2b0      0x1d8 ./Core/Src/system_stm32f3xx.o
 .debug_macro   0x0001f488      0x1fc ./Drivers/STM32F3xx_HAL_Driver/Src/stm32f3xx_hal.o
 .debug_macro   0x0001f684      0x1d8 ./Drivers/STM32F3xx_HAL_Driver/Src/stm32f3xx_hal_cortex.o
 .debug_macro   0x0001f85c      0x1d8 ./Drivers/STM32F3xx_HAL_Driver/Src/stm32f3xx_hal_dma.o
 .debug_macro   0x0001fa34      0x1df ./Drivers/STM32F3xx_HAL_Driver/Src/stm32f3xx_hal_gpio.o
 .debug_macro   0x0001fc13      0x1fc ./Drivers/STM32F3xx_HAL_Driver/Src/stm32f3xx_hal_rcc.o
 .debug_macro   0x0001fe0f      0x1d8 ./Drivers/STM32F3xx_HAL_Driver/Src/stm32f3xx_hal_rcc_ex.o
 .debug_macro   0x0001ffe7      0x1e0 ./Drivers/STM32F3xx_HAL_Driver/Src/stm32f3xx_hal_spi.o
 .debug_macro   0x000201c7      0x1f5 ./Drivers/STM32F3xx_HAL_Driver/Src/stm32f3xx_hal_uart.o

.debug_line     0x00000000     0xd931
 .debug_line    0x00000000      0x9dc ./Core/Src/BQ76942.o
 .debug_line    0x000009dc      0x86b ./Core/Src/BQ76942SPI.o
 .debug_line    0x00001247      0x907 ./Core/Src/main.o
 .debug_line    0x00001b4e      0x817 ./Core/Src/stm32f3xx_hal_msp.o
 .debug_line    0x00002365      0x854 ./Core/Src/stm32f3xx_it.o
 .debug_line    0x00002bb9      0x7f8 ./Core/Src/system_stm32f3xx.o
 .debug_line    0x000033b1       0x7a ./Core/Startup/startup_stm32f303retx.o
 .debug_line    0x0000342b      0xa2b ./Drivers/STM32F3xx_HAL_Driver/Src/stm32f3xx_hal.o
 .debug_line    0x00003e56      0xd18 ./Drivers/STM32F3xx_HAL_Driver/Src/stm32f3xx_hal_cortex.o
 .debug_line    0x00004b6e      0xd39 ./Drivers/STM32F3xx_HAL_Driver/Src/stm32f3xx_hal_dma.o
 .debug_line    0x000058a7      0xbca ./Drivers/STM32F3xx_HAL_Driver/Src/stm32f3xx_hal_gpio.o
 .debug_line    0x00006471     0x13d7 ./Drivers/STM32F3xx_HAL_Driver/Src/stm32f3xx_hal_rcc.o
 .debug_line    0x00007848      0xf40 ./Drivers/STM32F3xx_HAL_Driver/Src/stm32f3xx_hal_rcc_ex.o
 .debug_line    0x00008788     0x2022 ./Drivers/STM32F3xx_HAL_Driver/Src/stm32f3xx_hal_spi.o
 .debug_line    0x0000a7aa     0x3187 ./Drivers/STM32F3xx_HAL_Driver/Src/stm32f3xx_hal_uart.o

.debug_str      0x00000000    0xc0d31
 .debug_str     0x00000000    0xbdfc8 ./Core/Src/BQ76942.o
                              0xbe65f (size before relaxing)
 .debug_str     0x000bdfc8      0x4e1 ./Core/Src/BQ76942SPI.o
                              0xbc976 (size before relaxing)
 .debug_str     0x000be4a9      0x625 ./Core/Src/main.o
                              0xbefb1 (size before relaxing)
 .debug_str     0x000beace      0x457 ./Core/Src/stm32f3xx_hal_msp.o
                              0xbcee8 (size before relaxing)
 .debug_str     0x000bef25       0xec ./Core/Src/stm32f3xx_it.o
                              0xbc79e (size before relaxing)
 .debug_str     0x000bf011       0xe9 ./Core/Src/system_stm32f3xx.o
                              0xbc2a9 (size before relaxing)
 .debug_str     0x000bf0fa       0x44 ./Core/Startup/startup_stm32f303retx.o
                                 0x7a (size before relaxing)
 .debug_str     0x000bf13e      0x370 ./Drivers/STM32F3xx_HAL_Driver/Src/stm32f3xx_hal.o
                              0xbcb52 (size before relaxing)
 .debug_str     0x000bf4ae      0x376 ./Drivers/STM32F3xx_HAL_Driver/Src/stm32f3xx_hal_cortex.o
                              0xbcbd6 (size before relaxing)
 .debug_str     0x000bf824      0x24d ./Drivers/STM32F3xx_HAL_Driver/Src/stm32f3xx_hal_dma.o
                              0xbc5f1 (size before relaxing)
 .debug_str     0x000bfa71      0x185 ./Drivers/STM32F3xx_HAL_Driver/Src/stm32f3xx_hal_gpio.o
                              0xbc48e (size before relaxing)
 .debug_str     0x000bfbf6      0x2dd ./Drivers/STM32F3xx_HAL_Driver/Src/stm32f3xx_hal_rcc.o
                              0xbc74d (size before relaxing)
 .debug_str     0x000bfed3       0xbe ./Drivers/STM32F3xx_HAL_Driver/Src/stm32f3xx_hal_rcc_ex.o
                              0xbc597 (size before relaxing)
 .debug_str     0x000bff91      0x553 ./Drivers/STM32F3xx_HAL_Driver/Src/stm32f3xx_hal_spi.o
                              0xbcbcf (size before relaxing)
 .debug_str     0x000c04e4      0x84d ./Drivers/STM32F3xx_HAL_Driver/Src/stm32f3xx_hal_uart.o
                              0xbcfcc (size before relaxing)

.comment        0x00000000       0x43
 .comment       0x00000000       0x43 ./Core/Src/BQ76942.o
                                 0x44 (size before relaxing)
 .comment       0x00000043       0x44 ./Core/Src/BQ76942SPI.o
 .comment       0x00000043       0x44 ./Core/Src/main.o
 .comment       0x00000043       0x44 ./Core/Src/stm32f3xx_hal_msp.o
 .comment       0x00000043       0x44 ./Core/Src/stm32f3xx_it.o
 .comment       0x00000043       0x44 ./Core/Src/system_stm32f3xx.o
 .comment       0x00000043       0x44 ./Drivers/STM32F3xx_HAL_Driver/Src/stm32f3xx_hal.o
 .comment       0x00000043       0x44 ./Drivers/STM32F3xx_HAL_Driver/Src/stm32f3xx_hal_cortex.o
 .comment       0x00000043       0x44 ./Drivers/STM32F3xx_HAL_Driver/Src/stm32f3xx_hal_dma.o
 .comment       0x00000043       0x44 ./Drivers/STM32F3xx_HAL_Driver/Src/stm32f3xx_hal_gpio.o
 .comment       0x00000043       0x44 ./Drivers/STM32F3xx_HAL_Driver/Src/stm32f3xx_hal_rcc.o
 .comment       0x00000043       0x44 ./Drivers/STM32F3xx_HAL_Driver/Src/stm32f3xx_hal_rcc_ex.o
 .comment       0x00000043       0x44 ./Drivers/STM32F3xx_HAL_Driver/Src/stm32f3xx_hal_spi.o
 .comment       0x00000043       0x44 ./Drivers/STM32F3xx_HAL_Driver/Src/stm32f3xx_hal_uart.o

.debug_frame    0x00000000     0x25b4
 .debug_frame   0x00000000      0x16c ./Core/Src/BQ76942.o
 .debug_frame   0x0000016c       0x60 ./Core/Src/BQ76942SPI.o
 .debug_frame   0x000001cc       0xc8 ./Core/Src/main.o
 .debug_frame   0x00000294       0xc4 ./Core/Src/stm32f3xx_hal_msp.o
 .debug_frame   0x00000358      0x120 ./Core/Src/stm32f3xx_it.o
 .debug_frame   0x00000478       0x58 ./Core/Src/system_stm32f3xx.o
 .debug_frame   0x000004d0      0x334 ./Drivers/STM32F3xx_HAL_Driver/Src/stm32f3xx_hal.o
 .debug_frame   0x00000804      0x4e8 ./Drivers/STM32F3xx_HAL_Driver/Src/stm32f3xx_hal_cortex.o
 .debug_frame   0x00000cec      0x224 ./Drivers/STM32F3xx_HAL_Driver/Src/stm32f3xx_hal_dma.o
 .debug_frame   0x00000f10      0x14c ./Drivers/STM32F3xx_HAL_Driver/Src/stm32f3xx_hal_gpio.o
 .debug_frame   0x0000105c      0x214 ./Drivers/STM32F3xx_HAL_Driver/Src/stm32f3xx_hal_rcc.o
 .debug_frame   0x00001270       0xb0 ./Drivers/STM32F3xx_HAL_Driver/Src/stm32f3xx_hal_rcc_ex.o
 .debug_frame   0x00001320      0x860 ./Drivers/STM32F3xx_HAL_Driver/Src/stm32f3xx_hal_spi.o
 .debug_frame   0x00001b80      0x9e8 ./Drivers/STM32F3xx_HAL_Driver/Src/stm32f3xx_hal_uart.o
 .debug_frame   0x00002568       0x20 C:/ST/STM32CubeIDE_1.15.1/STM32CubeIDE/plugins/com.st.stm32cube.ide.mcu.externaltools.gnu-tools-for-stm32.12.3.rel1.win32_1.0.100.202403111256/tools/bin/../lib/gcc/arm-none-eabi/12.3.1/../../../../arm-none-eabi/lib/thumb/v7e-m+fp/hard\libc_nano.a(libc_a-memset.o)
 .debug_frame   0x00002588       0x2c C:/ST/STM32CubeIDE_1.15.1/STM32CubeIDE/plugins/com.st.stm32cube.ide.mcu.externaltools.gnu-tools-for-stm32.12.3.rel1.win32_1.0.100.202403111256/tools/bin/../lib/gcc/arm-none-eabi/12.3.1/../../../../arm-none-eabi/lib/thumb/v7e-m+fp/hard\libc_nano.a(libc_a-init.o)

.debug_line_str
                0x00000000       0x5e
 .debug_line_str
                0x00000000       0x5e ./Core/Startup/startup_stm32f303retx.o
