../Core/Src/BQ76942.c:32:10:BQ769x2_ReadVoltage	16	static
../Core/Src/BQ76942.c:52:6:BQ769x2_ReadAllVoltages	16	static
../Core/Src/BQ76942.c:64:6:BQ769x2_ReadCellBalance	8	static
../Core/Src/BQ76942.c:70:6:BQ769x2_WriteCellBalance	16	static
../Core/Src/BQ76942.c:84:10:Checksum	24	static
../Core/Src/BQ76942.c:108:6:BQ769x2_SetRegister	32	static
../Core/Src/BQ76942.c:159:6:handle_direct_commands	24	static
../Core/Src/BQ76942.c:187:6:handle_subcommands	24	static
../Core/Src/BQ76942.c:234:6:handle_command_only_subcommands	24	static
../Core/Src/BQ76942.c:251:6:BQ769x2_Init	8	static
